// Jest Snapshot v1, https://goo.gl/fbAQLP

exports[`Components IListGroupItem should render correctly 1`] = `<div class="list-group-item" tag="div" tabindex="0" disabled="false" aria-disabled="false" aria-pressed="false"></div>`;
