// Vitest Snapshot v1

exports[`Components > IContainer > should render correctly 1`] = `"<div class=\\"container\\"></div>"`;
