// Vitest Snapshot v1

exports[`mixins > CollapsibleMixin > should render correctly 1`] = `"<div class=\\"-collapse-md\\"><span>false</span><button>Set open</button><button>Toggle open</button></div>"`;
