// Vitest Snapshot v1

exports[`Components > ILayout > should render correctly 1`] = `"<main class=\\"layout\\" data-v-e991cc94=\\"\\"></main>"`;
