// Vitest Snapshot v1, https://vitest.dev/guide/snapshot.html

exports[`Components > Linkable > should render correctly 1`] = `"<router-link-stub tag="a" to="/home" role="link"></router-link-stub>"`;
