// Vitest Snapshot v1, https://vitest.dev/guide/snapshot.html

exports[`Components > IMark > should render correctly 1`] = `"<span>The quick brown <mark>fox</mark> jumps over the lazy dog</span>"`;
