// Jest Snapshot v1, https://goo.gl/fbAQLP

exports[`Components CheckboxGroup should render correctly 1`] = `
<div role="checkboxgroup" class="form-group -checkbox">
  <i-form-error-stub></i-form-error-stub>
</div>
`;
