// Jest Snapshot v1, https://goo.gl/fbAQLP

exports[`Components Column should render correctly 1`] = `<div class="column"></div>`;
