// Jest Snapshot v1, https://goo.gl/fbAQLP

exports[`Components Input should render correctly 1`] = `
<div class="form-input-group">
  <!---->
  <div class="form-input">
    <!---->
    <!----> <input tabindex="1"></div>
  <!---->
</div>
`;
