// Jest Snapshot v1, https://goo.gl/fbAQLP

exports[`Components NavbarItems should render correctly 1`] = `
<i-transition-expand-stub>
  <div class="items"></div>
</i-transition-expand-stub>
`;
