// Jest Snapshot v1, https://goo.gl/fbAQLP

exports[`Components IButton should render correctly 1`] = `
<button class="button -light -md" tag="button" role="button" tabindex="0" aria-disabled="false" aria-pressed="false" aria-busy="false" aria-live="polite">
  <!--v-if-->
</button>
`;
