// Vitest Snapshot v1

exports[`Components > INavbarCollapsible > should render correctly 1`] = `
"<transition-stub data-v-1ace5b61=\\"\\">
  <div class=\\"navbar-collapsible\\" aria-hidden=\\"false\\" aria-expanded=\\"true\\"></div>
</transition-stub>"
`;
