// Vitest Snapshot v1, https://vitest.dev/guide/snapshot.html

exports[`Components > IInput > should render correctly 1`] = `
"<div class="input -light -md">
  <!--v-if-->
  <div class="input-field">
    <!--v-if-->
    <!--v-if--><input name="input" type="text" tabindex="0" aria-disabled="false" aria-readonly="false" value="">
    <!--v-if-->
  </div>
  <!--v-if-->
</div>"
`;
