// Vitest Snapshot v1, https://vitest.dev/guide/snapshot.html

exports[`Components > DropdownItem > should render correctly 1`] = `
"<div role="menuitem" tabindex="0" tag="div" class="dropdown-item">
  <!-- @slot default Slot for default dropdown item content -->
</div>"
`;
