// Jest Snapshot v1, https://goo.gl/fbAQLP

exports[`Components DropdownDivider should render correctly 1`] = `<div class="divider"></div>`;
