// Jest Snapshot v1, https://goo.gl/fbAQLP

exports[`Components IButtonGroup should render correctly 1`] = `<div role="group" class="button-group"></div>`;
