// Jest Snapshot v1, https://goo.gl/fbAQLP

exports[`Components Icon should render correctly 1`] = `<i class="inkline-icon"></i>`;
