// Jest Snapshot v1, https://goo.gl/fbAQLP

exports[`Components IContainer should render correctly 1`] = `<div class="container"></div>`;
