// Jest Snapshot v1, https://goo.gl/fbAQLP

exports[`Components IFormGroup should render correctly 1`] = `
<div role="inputgroup" class="form-group">
  <i-form-error-stub></i-form-error-stub>
</div>
`;
