// Jest Snapshot v1, https://goo.gl/fbAQLP

exports[`Components ILayoutHeader should render correctly 1`] = `<header class="layout-header"></header>`;
