// Jest Snapshot v1, https://goo.gl/fbAQLP

exports[`Components ILayoutAside should render correctly 1`] = `
<aside class="layout-aside">
  <div class="layout-aside-children"></div>
</aside>
`;
