// Jest Snapshot v1, https://goo.gl/fbAQLP

exports[`Components ILoader should render correctly 1`] = `
<div class="loader">
  <!----> <span class="loader-item"></span><span class="loader-item"></span><span class="loader-item"></span><span class="loader-item"></span><span class="loader-item"></span><span class="loader-item"></span><span class="loader-item"></span><span class="loader-item"></span><span class="loader-item"></span><span class="loader-item"></span><span class="loader-item"></span><span class="loader-item"></span></div>
`;
