// Jest Snapshot v1, https://goo.gl/fbAQLP

exports[`Components IPagination should render correctly 1`] = `
<ul class="pagination">
  <!---->
  <!---->
  <!---->
  <!---->
  <!---->
  <!---->
</ul>
`;
