// Jest Snapshot v1, https://goo.gl/fbAQLP

exports[`Components IProgress should render correctly 1`] = `<div class="progress"></div>`;
