// Jest Snapshot v1, https://goo.gl/fbAQLP

exports[`Components IRow should render correctly 1`] = `<div class="row"></div>`;
