// Jest Snapshot v1, https://goo.gl/fbAQLP

exports[`Components IToggle should render correctly 1`] = `<label tabindex="1" class="toggle -custom"><input type="checkbox" class="toggle-input" value="false"> <span class="indicator"></span></label>`;
