// Jest Snapshot v1, https://goo.gl/fbAQLP

exports[`Components LayoutHeader should render correctly 1`] = `<header class="layout-header"></header>`;
