// Vitest Snapshot v1

exports[`Components > IBadge > should render correctly 1`] = `"<div class=\\"badge -light -md\\"></div>"`;
