// Vitest Snapshot v1, https://vitest.dev/guide/snapshot.html

exports[`Components > Table > should render correctly 1`] = `
"<div class="table -light -responsive">
  <table>
    <!-- @slot default Slot for table rows and data -->
  </table>
</div>"
`;
